---
source: src/markdown/tests/mod.rs
---
path: "<fixture_path>"
loc:
  dloc: 20
  ploc: 4
  cloc: 11
  tloc: 0
  mloc: 0
  bloc: 5
  aloc: 11
loc_ratios:
  artifact_line_ratio: 0.55
  code_line_ratio: 0.55
  table_line_ratio: 0
  math_line_ratio: 0
  blank_line_ratio: 0.25
size:
  words: 15
  effective_content_units: 3.9124999999999996
  sections: 1
  headings: 1
ecu_inputs:
  table_cells: 0
  diagram_nodes: 0
  diagram_edges: 0
  math_tokens: 0
  raw_html_or_mdx_lines: 0
sections:
  - section_id: 0
    heading_level: 1
    heading_text: ~
    start_line: 1
    end_line: 20
    parent_section_id: ~
    child_section_ids: []
    word_count: 15
    block_count: 5
prose:
  language_detection:
    dominant_language: en
    blocks:
      - start_line: 1
        end_line: 1
        language: en
      - start_line: 3
        end_line: 3
        language: en
      - start_line: 11
        end_line: 11
        language: en
      - start_line: 20
        end_line: 20
        language: en
  english:
    readability:
      flesch_reading_ease: ~
      flesch_kincaid_grade: ~
      gunning_fog: ~
      smog: ~
      ari: ~
      coleman_liau: ~
      dale_chall_new: ~
      dale_chall_list: ngsl-1.2
      forcast: ~
      lix: ~
      rix: ~
      ensemble_grade_band:
        - ~
        - ~
    lexical:
      mattr_50: 0.722
      hapax_ratio: 0.692
      dis_ratio: 0.231
      lexical_density: 0.778
      avg_sentence_words: 4.5
      p90_sentence_words: 5
      max_sentence_words: 5
      stddev_sentence_words: 0.866
      avg_word_chars: 5.722
      p90_word_chars: 8
      sentence_count: 4
      words_total: 18
    wording:
      passive_ratio: 0
      hedge_density: 0
      weasel_density: 0
      wordy_density: 0
      adverb_density: 0
      nominalization_density: 0
      expletive_count: 0
      lexical_illusions: 0
      cliche_density: 0
      nonword_count: 0
      long_sentence_count: 0
      wording_quality_score: 1
    inclusive_language:
      flags: []
      inclusive_language_score: 1
      flag_count: 0
    short_doc_warning: true
  japanese: ~
  meta:
    short_doc_warning: true
    words_counted: 18
    sentences_counted: 4
    blocks_stripped:
      - code
