---
source: src/markdown/tests/mod.rs
---
path: "<fixture_path>"
loc:
  dloc: 9
  ploc: 5
  cloc: 0
  tloc: 0
  mloc: 0
  bloc: 3
  aloc: 1
loc_ratios:
  artifact_line_ratio: 0.1111111111111111
  code_line_ratio: 0
  table_line_ratio: 0
  math_line_ratio: 0
  blank_line_ratio: 0.3333333333333333
size:
  words: 30
  effective_content_units: 0.125
  sections: 1
  headings: 1
ecu_inputs:
  table_cells: 0
  diagram_nodes: 0
  diagram_edges: 0
  math_tokens: 0
  raw_html_or_mdx_lines: 0
sections:
  - section_id: 0
    heading_level: 1
    heading_text: ~
    start_line: 1
    end_line: 9
    parent_section_id: ~
    child_section_ids: []
    word_count: 30
    block_count: 3
links:
  total: 2
  internal: 0
  relative: 2
  external: 0
  external_vendor: 0
  scholarly: 0
  issue_pr: 0
  absolute_same_repo: 0
  image: 2
  footnote: 0
  bare_url: 0
  broken: 1
  link_debt_score: 0.45
  information_scent_score: 0.44999999999999996
  review_burden: 4.1
visuals:
  images: 2
  diagrams: 0
  diagram_nodes_total: 0
  diagram_edges_total: 0
  diagram_cycles_total: 0
  visual_scaffold_score: 0.9712858623572642
  visual_net_effect: 0
tables:
  count: 0
  max_cells: 0
  table_burden_score: 0
  table_scaffold_score: 0
  hard_warnings: 0
maintainability:
  documentation_maintainability_index: 0
  section_balance_score: 0
  artifact_debt_score: 0
artifacts:
  - id: 0
    kind: image
    start_line: 7
    end_line: 7
    language_tag: ~
    size: 1
    has_explanation: true
    has_label: true
    oversized: false
    burden: 1
  - id: 1
    kind: image
    start_line: 9
    end_line: 9
    language_tag: ~
    size: 1
    has_explanation: true
    has_label: true
    oversized: false
    burden: 1
