---
source: src/markdown/tests/mod.rs
---
path: "<fixture_path>"
loc:
  dloc: 23
  ploc: 12
  cloc: 0
  tloc: 0
  mloc: 0
  bloc: 11
  aloc: 0
loc_ratios:
  artifact_line_ratio: 0
  code_line_ratio: 0
  table_line_ratio: 0
  math_line_ratio: 0
  blank_line_ratio: 0.4782608695652174
size:
  words: 24
  effective_content_units: 0.1
  sections: 5
  headings: 5
ecu_inputs:
  table_cells: 0
  diagram_nodes: 0
  diagram_edges: 0
  math_tokens: 0
  raw_html_or_mdx_lines: 0
sections:
  - section_id: 0
    heading_level: 1
    heading_text: ~
    start_line: 1
    end_line: 23
    parent_section_id: ~
    child_section_ids:
      - 1
      - 2
      - 3
      - 4
    word_count: 3
    block_count: 1
  - section_id: 1
    heading_level: 2
    heading_text: ~
    start_line: 5
    end_line: 8
    parent_section_id: 0
    child_section_ids: []
    word_count: 3
    block_count: 1
  - section_id: 2
    heading_level: 2
    heading_text: ~
    start_line: 9
    end_line: 14
    parent_section_id: 0
    child_section_ids: []
    word_count: 7
    block_count: 2
  - section_id: 3
    heading_level: 2
    heading_text: ~
    start_line: 15
    end_line: 20
    parent_section_id: 0
    child_section_ids: []
    word_count: 7
    block_count: 2
  - section_id: 4
    heading_level: 2
    heading_text: ~
    start_line: 21
    end_line: 23
    parent_section_id: 0
    child_section_ids: []
    word_count: 4
    block_count: 1
complexity:
  reading_path_complexity: 1
  reading_path_complexity_raw: 4
  cognitive_complexity: 0.2
  halstead:
    operators_distinct: 4
    operators_total: 27
    operands_distinct: 29
    operands_total: 29
    vocabulary: 33
    length: 56
    volume: 282.4860706840734
    difficulty: 2
    effort: 564.9721413681468
    embedded_volume: 0
    total_volume: 282.4860706840734
maintainability:
  documentation_maintainability_index: 100
prose:
  language_detection:
    dominant_language: ja
    blocks:
      - start_line: 1
        end_line: 1
        language: ja
      - start_line: 3
        end_line: 3
        language: ja
      - start_line: 5
        end_line: 5
        language: ja
      - start_line: 7
        end_line: 7
        language: ja
      - start_line: 9
        end_line: 9
        language: ja
      - start_line: 11
        end_line: 11
        language: ja
      - start_line: 13
        end_line: 13
        language: ja
      - start_line: 15
        end_line: 15
        language: ja
      - start_line: 17
        end_line: 17
        language: ja
      - start_line: 19
        end_line: 19
        language: ja
      - start_line: 21
        end_line: 21
        language: ja
      - start_line: 23
        end_line: 23
        language: ja
  english: ~
  japanese:
    script_composition:
      kanji_ratio: 0.216
      hiragana_ratio: 0.344
      katakana_ratio: 0.411
      latin_ratio: 0.026
      digit_ratio: 0.004
      script_entropy: 1.701
      visible_chars: 509
    readability:
      tateishi_rs: 39.972
      jouyou_grade_mean: 4
      hyougai_ratio: 0.027
    lexical:
      avg_sentence_chars: 23.364
      p90_sentence_chars: 36
      max_sentence_chars: 42
      comma_period_ratio: 0.294
      jukugo_density: 0.709
      sentence_count: 22
      char_count: 514
    wording:
      politeness_dominant: keitai
      keitai_count: 10
      jotai_count: 0
      honorific_count: 0
      keitai_jotai_mix_count: 0
      weak_phrase_count: 0
      redundant_expression_count: 1
      doubled_joshi_count: 6
      long_kanji_run_count: 0
      max_comma_violation_count: 0
      max_ten_violation_count: 0
      long_sentence_count: 0
      wording_quality_score: 0.724
    style_conformance:
      violations:
        - rule: rule-3-jouyou-only
          severity: warn
          count: 3
        - rule: rule-5-trailing-chouonpu
          severity: warn
          count: 6
      total_violations: 9
      violation_density_per_1000: 17.682
    short_doc_warning: false
  meta:
    short_doc_warning: false
    words_counted: 514
    sentences_counted: 22
    blocks_stripped: []
