---
source: src/markdown/tests/mod.rs
---
path: "<fixture_path>"
loc:
  dloc: 12
  ploc: 3
  cloc: 0
  tloc: 0
  mloc: 0
  bloc: 3
  aloc: 6
loc_ratios:
  artifact_line_ratio: 0.5
  code_line_ratio: 0
  table_line_ratio: 0
  math_line_ratio: 0
  blank_line_ratio: 0.25
size:
  words: 19
  effective_content_units: 0.07916666666666666
  sections: 1
  headings: 1
ecu_inputs:
  table_cells: 0
  diagram_nodes: 0
  diagram_edges: 0
  math_tokens: 0
  raw_html_or_mdx_lines: 0
sections:
  - section_id: 0
    heading_level: ~
    heading_text: ~
    start_line: 1
    end_line: 12
    parent_section_id: ~
    child_section_ids:
      - 1
    word_count: 0
    block_count: 0
  - section_id: 1
    heading_level: 1
    heading_text: ~
    start_line: 8
    end_line: 12
    parent_section_id: 0
    child_section_ids: []
    word_count: 19
    block_count: 2
