---
source: src/markdown/tests/mod.rs
---
path: "<fixture_path>"
loc:
  dloc: 10
  ploc: 3
  cloc: 0
  tloc: 4
  mloc: 0
  bloc: 3
  aloc: 4
loc_ratios:
  artifact_line_ratio: 0.4
  code_line_ratio: 0
  table_line_ratio: 0.4
  math_line_ratio: 0
  blank_line_ratio: 0.3
size:
  words: 12
  effective_content_units: 0.5900000000000001
  sections: 1
  headings: 1
ecu_inputs:
  table_cells: 9
  diagram_nodes: 0
  diagram_edges: 0
  math_tokens: 0
  raw_html_or_mdx_lines: 0
sections:
  - section_id: 0
    heading_level: 1
    heading_text: ~
    start_line: 1
    end_line: 10
    parent_section_id: ~
    child_section_ids: []
    word_count: 12
    block_count: 3
complexity:
  reading_path_complexity: 1
  reading_path_complexity_raw: 1
  cognitive_complexity: 0.7265624999999999
  halstead:
    operators_distinct: 5
    operators_total: 10
    operands_distinct: 17
    operands_total: 18
    vocabulary: 22
    length: 28
    volume: 124.86408532184433
    difficulty: 2.6470588235294117
    effort: 330.5225787931173
    embedded_volume: 0
    total_volume: 124.86408532184433
maintainability:
  documentation_maintainability_index: 100
