---
source: crates/mehen-markdown/tests/markdown.rs
---
path: "<fixture_path>"
loc:
  dloc: 89
  ploc: 10
  cloc: 69
  tloc: 0
  mloc: 0
  bloc: 10
  aloc: 69
loc_ratios:
  artifact_line_ratio: 0.7752808988764045
  code_line_ratio: 0.7752808988764045
  table_line_ratio: 0
  math_line_ratio: 0
  blank_line_ratio: 0.11235955056179775
size:
  words: 44
  effective_content_units: 24.333333333333332
  sections: 5
  headings: 5
ecu_inputs:
  table_cells: 0
  diagram_nodes: 0
  diagram_edges: 0
  math_tokens: 0
  raw_html_or_mdx_lines: 0
sections:
  - section_id: 0
    heading_level: 1
    heading_text: ~
    start_line: 1
    end_line: 89
    parent_section_id: ~
    child_section_ids:
      - 1
      - 2
      - 3
      - 4
    word_count: 18
    block_count: 1
  - section_id: 1
    heading_level: 2
    heading_text: ~
    start_line: 6
    end_line: 31
    parent_section_id: 0
    child_section_ids: []
    word_count: 0
    block_count: 1
  - section_id: 2
    heading_level: 2
    heading_text: ~
    start_line: 33
    end_line: 53
    parent_section_id: 0
    child_section_ids: []
    word_count: 0
    block_count: 1
  - section_id: 3
    heading_level: 2
    heading_text: ~
    start_line: 55
    end_line: 79
    parent_section_id: 0
    child_section_ids: []
    word_count: 0
    block_count: 1
  - section_id: 4
    heading_level: 2
    heading_text: ~
    start_line: 81
    end_line: 89
    parent_section_id: 0
    child_section_ids: []
    word_count: 26
    block_count: 2
complexity:
  reading_path_complexity: 1.2000000000000002
  reading_path_complexity_raw: 7
  cognitive_complexity: 6.144
  halstead:
    operators_distinct: 9
    operators_total: 16
    operands_distinct: 51
    operands_total: 60
    vocabulary: 60
    length: 76
    volume: 448.92368526624745
    difficulty: 5.294117647058823
    effort: 2376.654804350722
    embedded_volume: 25.825071751093375
    total_volume: 474.74875701734084
links:
  total: 0
  internal: 0
  relative: 0
  external: 0
  external_vendor: 0
  scholarly: 0
  issue_pr: 0
  absolute_same_repo: 0
  image: 0
  footnote: 0
  bare_url: 0
  broken: 0
  link_debt_score: 0
  information_scent_score: 0
  review_burden: 0
visuals:
  images: 0
  diagrams: 0
  diagram_nodes_total: 0
  diagram_edges_total: 0
  diagram_cycles_total: 0
  visual_scaffold_score: 0
  visual_net_effect: 0
tables:
  count: 0
  max_cells: 0
  table_burden_score: 0
  table_scaffold_score: 0
  hard_warnings: 0
maintainability:
  documentation_maintainability_index: 98.32488311688311
  section_balance_score: 0.85
  good_scaffold_score: 0.2
  artifact_debt_score: 0
grounding:
  repository_grounding_score: 0.28006493506493507
  evidence_coverage_score: 0.5538461538461539
ai_era:
  filler_lazy_structure_risk: 0.18125974025974026
  labels:
    - low-repository-grounding
  top_contributors:
    - - low-repository-grounding
      - 0.7199350649350649
    - - large-unanchored-prose
      - 0.11818181818181828
    - - specificity-scarcity
      - 0.11363636363636365
review:
  review_criticality_index: 18.029415584415585
artifacts:
  - id: 0
    kind: code
    start_line: 8
    end_line: 31
    language_tag: rust
    size: 22
    has_explanation: true
    has_label: true
    oversized: false
    burden: 1.8
  - id: 1
    kind: code
    start_line: 35
    end_line: 53
    language_tag: python
    size: 17
    has_explanation: true
    has_label: true
    oversized: false
    burden: 1.4
  - id: 2
    kind: code
    start_line: 57
    end_line: 79
    language_tag: typescript
    size: 21
    has_explanation: true
    has_label: true
    oversized: false
    burden: 1.72
  - id: 3
    kind: code
    start_line: 87
    end_line: 89
    language_tag: sql
    size: 1
    has_explanation: true
    has_label: true
    oversized: false
    burden: 1
prose:
  language_detection:
    dominant_language: en
    blocks:
      - start_line: 1
        end_line: 1
        language: en
      - start_line: 3
        end_line: 4
        language: en
      - start_line: 6
        end_line: 6
        language: en
      - start_line: 33
        end_line: 33
        language: en
      - start_line: 55
        end_line: 55
        language: en
      - start_line: 81
        end_line: 81
        language: en
      - start_line: 83
        end_line: 85
        language: en
  english:
    readability:
      flesch_reading_ease: ~
      flesch_kincaid_grade: ~
      gunning_fog: ~
      smog: ~
      ari: ~
      coleman_liau: ~
      dale_chall_new: ~
      dale_chall_list: ngsl-1.2
      forcast: ~
      lix: ~
      rix: ~
      ensemble_grade_band:
        - ~
        - ~
    lexical:
      mattr_50: 0.832
      hapax_ratio: 0.814
      dis_ratio: 0.116
      lexical_density: 0.667
      avg_sentence_words: 6.75
      p90_sentence_words: 25
      max_sentence_words: 25
      stddev_sentence_words: 7.838
      avg_word_chars: 5.537
      p90_word_chars: 10
      sentence_count: 8
      words_total: 54
    wording:
      passive_ratio: 0.125
      hedge_density: 0
      weasel_density: 0
      wordy_density: 0
      adverb_density: 0.019
      nominalization_density: 0.037
      expletive_count: 0
      lexical_illusions: 0
      cliche_density: 0
      nonword_count: 0
      long_sentence_count: 0
      wording_quality_score: 1
    inclusive_language:
      flags: []
      inclusive_language_score: 1
      flag_count: 0
    short_doc_warning: true
  japanese: ~
  meta:
    short_doc_warning: true
    words_counted: 54
    sentences_counted: 8
    blocks_stripped:
      - code
