---
source: crates/mehen-engine/src/legacy/metrics/abc.rs
expression: metric.abc
---
{
  "assignments": 1.0,
  "branches": 1.0,
  "conditions": 2.0,
  "magnitude": 2.449489742783178,
  "assignments_average": 0.5,
  "branches_average": 0.5,
  "conditions_average": 1.0,
  "assignments_min": 0.0,
  "assignments_max": 1.0,
  "branches_min": 0.0,
  "branches_max": 1.0,
  "conditions_min": 0.0,
  "conditions_max": 2.0
}
